// Jest Snapshot v1, https://goo.gl/fbAQLP

exports[`TmBarDiscrete.vue has the expected html structure 1`] = `
<div class="tm-bar-discrete">
  <div class="tm-bar-discrete__container">
    <div class="tm-bar-discrete__edge"></div>
    <div class="tm-bar-discrete__node tm-bar-discrete__node--active"></div>
    <div class="tm-bar-discrete__node"></div>
  </div>
</div>
`;
