// Jest Snapshot v1, https://goo.gl/fbAQLP

exports[`TmBlock.vue has the expected html structure 1`] = `
<div>
  <section class="tm-part">
    <div class="tm-part-container">
      <!---->
      <main class="tm-part-main">
        <div class="tm-li">
          <div class="tm-li-container">
            <div class="tm-li-thumb">
              <!---->
            </div>
            <div class="tm-li-dl">
              <div class="tm-li-dt">
                Block Hash
              </div>
              <div class="tm-li-dd">
                asdf
              </div>
            </div>
          </div>
        </div>
      </main>
    </div>
  </section>
  <section class="tm-part">
    <div class="tm-part-container">
      <header class="tm-part-header">
        <div class="tm-part-header-container">
          <div class="tm-part-title h5">
            Header
          </div>
          <menu class="tm-part-menu"></menu>
        </div>
      </header>
      <main class="tm-part-main">
        <div class="tm-li">
          <div class="tm-li-container">
            <div class="tm-li-thumb">
              <!---->
            </div>
            <div class="tm-li-dl">
              <div class="tm-li-dt">
                Chain ID
              </div>
              <div class="tm-li-dd">
                1
              </div>
            </div>
          </div>
        </div>
        <div class="tm-li">
          <div class="tm-li-container">
            <div class="tm-li-thumb">
              <!---->
            </div>
            <div class="tm-li-dl">
              <div class="tm-li-dt">
                Time
              </div>
              <div class="tm-li-dd">
                January 5th, 1988
              </div>
            </div>
          </div>
        </div>
        <div class="tm-li">
          <div class="tm-li-container">
            <div class="tm-li-thumb">
              <!---->
            </div>
            <div class="tm-li-dl">
              <div class="tm-li-dt">
                Transactions
              </div>
              <div class="tm-li-dd">
                3
              </div>
            </div>
          </div>
        </div>
        <div class="tm-li">
          <div class="tm-li-container">
            <div class="tm-li-thumb">
              <!---->
            </div>
            <div class="tm-li-dl">
              <div class="tm-li-dt">
                Last Commit Hash
              </div>
              <div class="tm-li-dd">
                4
              </div>
            </div>
          </div>
        </div>
        <div class="tm-li">
          <div class="tm-li-container">
            <div class="tm-li-thumb">
              <!---->
            </div>
            <div class="tm-li-dl">
              <div class="tm-li-dt">
                Validators Hash
              </div>
              <div class="tm-li-dd">
                5
              </div>
            </div>
          </div>
        </div>
        <div class="tm-li">
          <div class="tm-li-container">
            <div class="tm-li-thumb">
              <!---->
            </div>
            <div class="tm-li-dl">
              <div class="tm-li-dt">
                App Hash
              </div>
              <div class="tm-li-dd">
                6
              </div>
            </div>
          </div>
        </div>
      </main>
    </div>
  </section>
  <section class="tm-part">
    <div class="tm-part-container">
      <header class="tm-part-header">
        <div class="tm-part-header-container">
          <div class="tm-part-title h5">
            Last Block
          </div>
          <menu class="tm-part-menu"></menu>
        </div>
      </header>
      <main class="tm-part-main">
        <div class="tm-li">
          <div class="tm-li-container">
            <div class="tm-li-thumb">
              <!---->
            </div>
            <div class="tm-li-dl">
              <div class="tm-li-dt">
                Hash
              </div>
              <div class="tm-li-dd">
                7
              </div>
            </div>
          </div>
        </div>
        <div class="tm-li">
          <div class="tm-li-container">
            <div class="tm-li-thumb">
              <!---->
            </div>
            <div class="tm-li-dl">
              <div class="tm-li-dt">
                Parts Total
              </div>
              <div class="tm-li-dd">
                8
              </div>
            </div>
          </div>
        </div>
        <div class="tm-li">
          <div class="tm-li-container">
            <div class="tm-li-thumb">
              <!---->
            </div>
            <div class="tm-li-dl">
              <div class="tm-li-dt">
                Parts Hash
              </div>
              <div class="tm-li-dd">
                9
              </div>
            </div>
          </div>
        </div>
      </main>
    </div>
  </section>
  <section class="tm-part">
    <div class="tm-part-container">
      <header class="tm-part-header">
        <div class="tm-part-header-container">
          <div class="tm-part-title h5">
            Precommit
          </div>
          <menu class="tm-part-menu"></menu>
        </div>
      </header>
      <main class="tm-part-main">
        <div class="tm-li">
          <div class="tm-li-container">
            <div class="tm-li-thumb">
              <!---->
            </div>
            <div class="tm-li-dl">
              <div class="tm-li-dt">
                Address
              </div>
              <div class="tm-li-dd">
                10
              </div>
            </div>
          </div>
        </div>
        <div class="tm-li">
          <div class="tm-li-container">
            <div class="tm-li-thumb">
              <!---->
            </div>
            <div class="tm-li-dl">
              <div class="tm-li-dt">
                Index
              </div>
              <div class="tm-li-dd">
                11
              </div>
            </div>
          </div>
        </div>
        <div class="tm-li">
          <div class="tm-li-container">
            <div class="tm-li-thumb">
              <!---->
            </div>
            <div class="tm-li-dl">
              <div class="tm-li-dt">
                Round
              </div>
              <div class="tm-li-dd">
                12
              </div>
            </div>
          </div>
        </div>
        <div class="tm-li">
          <div class="tm-li-container">
            <div class="tm-li-thumb">
              <!---->
            </div>
            <div class="tm-li-dl">
              <div class="tm-li-dt">
                Sig (13)
              </div>
              <div class="tm-li-dd">
                14
              </div>
            </div>
          </div>
        </div>
      </main>
    </div>
  </section>
  <section class="tm-part">
    <div class="tm-part-container">
      <header class="tm-part-header">
        <div class="tm-part-header-container">
          <div class="tm-part-title h5">
            Transactions
          </div>
          <menu class="tm-part-menu"></menu>
        </div>
      </header>
      <main class="tm-part-main">
        <div class="tm-li-tx">
          <div class="tm-li-tx__icon">
            <img src="../../assets/cosmos-logo.png" style="border-color: #25293f;">
          </div>
          <div class="tm-li-tx__content">
            <div class="tm-li-tx__content__left">
              <div class="tm-li-tx__content__caption">
                <p class="tm-li-tx__content__caption__title">
                  <div>
                    Sent&nbsp;
                    <b>1234</b><span>&nbsp;JBCOINS</span>
                  </div>
                </p>
              </div>
              <div class="tm-li-tx__content__information">
                <span>To tb1d4u5zerywfjhxuc9nudvw</span>
              </div>
            </div>
            <div class="tm-li-tx__content__block">
              <a href="https://explorecosmos.network/blocks/3436">Block #3436&nbsp;</a>@ 2:03 am
            </div>
          </div>
        </div>
        <div class="tm-li-tx">
          <div class="tm-li-tx__icon">
            <img src="../../assets/cosmos-logo.png" style="border-color: #215c2f;">
          </div>
          <div class="tm-li-tx__content">
            <div class="tm-li-tx__content__left">
              <div class="tm-li-tx__content__caption">
                <p class="tm-li-tx__content__caption__title">
                  <div>
                    Received&nbsp;
                    <b>1234</b><span>&nbsp;JBCOINS</span>
                  </div>
                </p>
              </div>
              <div class="tm-li-tx__content__information">
                <span>From tb1d4u5zerywfjhxuc9nudvw</span>
              </div>
            </div>
            <div class="tm-li-tx__content__block">
              <a href="https://explorecosmos.network/blocks/3438">Block #3438&nbsp;</a>@ 2:03 am
            </div>
          </div>
        </div>
        <div class="tm-li-tx">
          <div class="tm-li-tx__icon">
            <img src="../../assets/cosmos-logo.png" style="border-color: #25293f;">
          </div>
          <div class="tm-li-tx__content">
            <div class="tm-li-tx__content__left">
              <div class="tm-li-tx__content__caption">
                <p class="tm-li-tx__content__caption__title">
                  <div>
                    Sent&nbsp;
                    <b>1234</b><span>&nbsp;JBCOINS</span>
                  </div>
                </p>
              </div>
              <div class="tm-li-tx__content__information">
                <span>To yourself!</span>
              </div>
            </div>
            <div class="tm-li-tx__content__block">
              <a href="https://explorecosmos.network/blocks/466">Block #466&nbsp;</a>@ 2:03 am
            </div>
          </div>
        </div>
        <div class="tm-li-tx">
          <div class="tm-li-tx__icon">
            <img src="../../assets/cosmos-logo.png" style="border-color: #512584;">
          </div>
          <div class="tm-li-tx__content">
            <div class="tm-li-tx__content__left">
              <div class="tm-li-tx__content__caption">
                <p class="tm-li-tx__content__caption__title">
                  <div>
                    Delegated&nbsp;
                    <b>4,200</b><span>&nbsp;atoms</span>
                  </div>
                </p>
              </div>
              <div class="tm-li-tx__content__information">
                <div>
                  To&nbsp;
                  <router-link to="/cosmosvaladdr15ky9du8a2wlstz6fpx3p4mqpjyrm5ctqzh8yqw">
                    cool validator
                  </router-link>
                </div>
              </div>
            </div>
            <div class="tm-li-tx__content__block">
              <a href="https://explorecosmos.network/blocks/566">Block #566&nbsp;</a>@ 2:03 am
            </div>
          </div>
        </div>
        <div class="tm-li-tx">
          <div class="tm-li-tx__icon">
            <img src="../../assets/cosmos-logo.png" style="border-color: #9d5c19;">
          </div>
          <div class="tm-li-tx__content">
            <div class="tm-li-tx__content__left">
              <div class="tm-li-tx__content__caption">
                <p class="tm-li-tx__content__caption__title">
                  <div>
                    Unbonded&nbsp;
                    <b>0.01</b><span>&nbsp;atoms</span>
                    <!---->
                  </div>
                </p>
              </div>
              <div class="tm-li-tx__content__information">
                <div>
                  From&nbsp;
                  <router-link to="/cosmosvaladdr15ky9du8a2wlstz6fpx3p4mqpjyrm5ctqzh8yqw">
                    cool validator
                  </router-link>
                </div>
              </div>
            </div>
            <div class="tm-li-tx__content__block">
              <a href="https://explorecosmos.network/blocks/566">Block #566&nbsp;</a>@ 2:03 am
            </div>
          </div>
        </div>
        <div class="tm-li-tx">
          <div class="tm-li-tx__icon">
            <img src="../../assets/cosmos-logo.png" style="border-color: #7227b1;">
          </div>
          <div class="tm-li-tx__content">
            <div class="tm-li-tx__content__left">
              <div class="tm-li-tx__content__caption">
                <p class="tm-li-tx__content__caption__title">
                  <div>
                    Redelegated&nbsp;
                    <b>0.15</b><span>&nbsp;atoms</span>
                  </div>
                </p>
              </div>
              <div class="tm-li-tx__content__information">
                <div>
                  From&nbsp;
                  <router-link to="/cosmosvaladdr15ky9du8a2wlstz6fpx3p4mqpjyrm5ctqzh8yqw">
                    cool validator
                  </router-link>
                  to&nbsp;
                  <router-link to="/cosmosvaladdr157mg9hnhchfrqvk3enrvmvj29yhmlwf759xrgw">
                    Kentucky val
                  </router-link>
                </div>
              </div>
            </div>
            <div class="tm-li-tx__content__block">
              <a href="https://explorecosmos.network/blocks/566">Block #566&nbsp;</a>@ 2:03 am
            </div>
          </div>
        </div>
        <div class="tm-li-tx">
          <div class="tm-li-tx__icon">
            <img src="../../assets/cosmos-logo.png" style="border-color: #3cb371;">
          </div>
          <div class="tm-li-tx__content">
            <div class="tm-li-tx__content__left">
              <div class="tm-li-tx__content__caption">
                <p class="tm-li-tx__content__caption__title">
                  <div>
                    Submitted text proposal initial deposit&nbsp;
                    <b>100</b><span>&nbsp;stakes</span>
                  </div>
                </p>
              </div>
              <div class="tm-li-tx__content__information">
                <div>
                  Title:&nbsp;
                  <i>Test Proposal</i>
                </div>
              </div>
            </div>
            <!---->
            <div class="tm-li-tx__content__block">
              <a href="https://explorecosmos.network/blocks/56673">Block #56673&nbsp;</a>@ 2:03 am
            </div>
          </div>
        </div>
        <div class="tm-li-tx">
          <div class="tm-li-tx__icon">
            <img src="../../assets/cosmos-logo.png" style="border-color: #5effe9;">
          </div>
          <div class="tm-li-tx__content">
            <div class="tm-li-tx__content__left">
              <div class="tm-li-tx__content__caption">
                <p class="tm-li-tx__content__caption__title">
                  <div>
                    Deposited&nbsp;
                    <b>100</b><span>&nbsp;stakes</span>
                  </div>
                </p>
              </div>
              <div class="tm-li-tx__content__information">
                <div>
                  On&nbsp;
                  <router-link to="/1">
                    Proposal #1
                  </router-link>
                </div>
              </div>
            </div>
            <!---->
            <div class="tm-li-tx__content__block">
              <a href="https://explorecosmos.network/blocks/56673">Block #56673&nbsp;</a>@ 2:03 am
            </div>
          </div>
        </div>
      </main>
    </div>
  </section>
</div>
`;
